[main] WARN soot.jimple.infoflow.methodSummary.data.provider.LazySummaryProvider - Lazy loading summaries from a jar/zip file might throw a ClosedChannelException. Use the EagerSummaryProvider instead.
[main] INFO soot.jimple.infoflow.methodSummary.taintWrappers.SummaryTaintWrapper - Initializing summary taint wrapper with summaries for 347 classes...
[main] INFO soot.jimple.infoflow.cmd.MainClass - Analyzing app /home/julia/thesis-apk-study/data/ru/tbank_app.apk (1 of 1)...
[main] INFO soot.jimple.infoflow.android.SetupApplication - Initializing Soot...
[main] INFO soot.jimple.infoflow.android.SetupApplication - Loading dex files...
[main] WARN soot.jimple.infoflow.android.resources.ARSCFileParser - Unsupported ResTable entry flags encountered: FLAG_WEAK 
[main] INFO soot.jimple.infoflow.android.SetupApplication - ARSC file parsing took 0.23852809 seconds
[main] INFO soot.jimple.infoflow.memory.MemoryWarningSystem - Registered a memory warning system for 387,072 MiB
[main] INFO soot.jimple.infoflow.memory.FlowDroidTimeoutWatcher - FlowDroid timeout watcher started
[main] INFO soot.jimple.infoflow.android.entryPointCreators.AndroidEntryPointCreator - Creating Android entry point for 1259 components...
[main] INFO soot.jimple.infoflow.android.SetupApplication - Constructing the callgraph...
[main] ERROR soot.jimple.toolkits.typing.fast.TypePromotionUseVisitor - Failed Typing in <nc.e0: void b(java.lang.Object,java.lang.String)> at statement $u4#1#1 = $r2: Is not cast compatible: null_type <-- java.lang.Object
[main] ERROR soot.jimple.toolkits.typing.fast.TypePromotionUseVisitor - Failed Typing in <im5.e: void run()> at statement $u0#3.<im5.h: androidx.compose.ui.platform.c i> = $u4#21#1: Is not cast compatible: androidx.compose.ui.platform.c <-- java.lang.Object
[main] ERROR soot.jimple.toolkits.typing.fast.TypePromotionUseVisitor - Failed Typing in <ru.tinkoff.core.feature.applications.gifts.market.presentation.page.result.GiftsResultViewModel: li8.a t8()> at statement specialinvoke $r7.<li8.a: void <init>(androidx.compose.ui.platform.c,ie8.o,ie8.o,androidx.compose.ui.platform.c,androidx.compose.ui.platform.c,l8.u,ebb.a,int)>($u4#11#2, $u5#46#5, $u8#60#7, $r8, $u3#10#1, $u4#28#4, $u12, 32): Is not cast compatible: androidx.compose.ui.platform.c <-- java.lang.Object
[main] ERROR soot.jimple.toolkits.typing.fast.TypePromotionUseVisitor - Failed Typing in <oed.f: java.lang.Object j(java.lang.Object)> at statement virtualinvoke $u-1#73.<xc3.a: void b(java.lang.String,java.lang.Throwable)>("Error wile parsing message", $u0#13#3): Is not cast compatible: java.lang.Throwable <-- java.lang.Object
[main] ERROR soot.jimple.toolkits.typing.fast.TypePromotionUseVisitor - Failed Typing in <jgz.m: java.lang.Object b(jgz.m,nh0.m,igz.k,kotlin.coroutines.jvm.internal.ContinuationImpl)> at statement throw $u9#19#4: Is not cast compatible: java.lang.Throwable <-- java.lang.Object
[FlowDroid Timeout Watcher] WARN soot.jimple.infoflow.memory.FlowDroidTimeoutWatcher - Timeout reached, stopping the solvers...
[FlowDroid Timeout Watcher] INFO soot.jimple.infoflow.memory.FlowDroidTimeoutWatcher - FlowDroid timeout watcher terminated
[main] ERROR soot.jimple.toolkits.typing.fast.TypePromotionUseVisitor - Failed Typing in <u2.t: void u(w2.g)> at statement $u2#9#3 = $r2: Is not cast compatible: w2.g <-- java.lang.Object
[main] ERROR soot.jimple.toolkits.typing.fast.TypePromotionUseVisitor - Failed Typing in <ble.z: java.lang.Object o(java.util.List,kotlin.coroutines.jvm.internal.ContinuationImpl)> at statement specialinvoke $r3.<ru.tinkoff.mb.accounts.storage.impl.logger.AccountLightLoadingError: void <init>(java.lang.String,java.lang.Throwable)>($u-1#51, $u10#21#5): Is not cast compatible: java.lang.Throwable <-- java.lang.Object
[main] ERROR soot.jimple.toolkits.typing.fast.TypePromotionUseVisitor - Failed Typing in <e1b.t: java.lang.Object a(b1b.q,kotlin.coroutines.jvm.internal.ContinuationImpl)> at statement throw $u0#21#2: Is not cast compatible: java.lang.Throwable <-- java.lang.Object
[main] ERROR soot.jimple.toolkits.typing.fast.TypePromotionUseVisitor - Failed Typing in <u10.g: androidx.compose.ui.platform.c X0()> at statement this.<u10.g: androidx.compose.ui.platform.c R> = $u1#23#1: Is not cast compatible: androidx.compose.ui.platform.c <-- java.lang.Object
[main] WARN soot.jimple.infoflow.android.resources.LayoutFileParser - Fragment without class name or id detected
[main] WARN soot.jimple.infoflow.android.resources.LayoutFileParser - Fragment without class name or id detected
[main] WARN soot.jimple.infoflow.android.resources.LayoutFileParser - Fragment without class name or id detected
[main] WARN soot.jimple.infoflow.android.resources.LayoutFileParser - Fragment without class name or id detected
[main] WARN soot.jimple.infoflow.android.resources.LayoutFileParser - Fragment without class name or id detected
[main] INFO soot.jimple.infoflow.android.callbacks.DefaultCallbackAnalyzer - Collecting callbacks in DEFAULT mode...
[main] INFO soot.jimple.infoflow.android.callbacks.DefaultCallbackAnalyzer - Callback analysis done.
[main] WARN soot.jimple.infoflow.android.resources.LayoutFileParser - Fragment without class name or id detected
[main] WARN soot.jimple.infoflow.android.resources.LayoutFileParser - Fragment without class name or id detected
[main] WARN soot.jimple.infoflow.android.resources.LayoutFileParser - Fragment without class name or id detected
[main] WARN soot.jimple.infoflow.android.resources.LayoutFileParser - Fragment without class name or id detected
[main] WARN soot.jimple.infoflow.android.resources.LayoutFileParser - Fragment without class name or id detected
[main] WARN soot.jimple.infoflow.android.SetupApplication - Aborted callback collection because of Timeout: Elapsed 1800, but configured timeout is 1800
[main] INFO soot.jimple.infoflow.memory.MemoryWarningSystem - Shutting down the memory warning system...
[main] WARN soot.jimple.infoflow.android.SetupApplication - Callback analysis aborted early due to time or memory exhaustion
[main] INFO soot.jimple.infoflow.android.SetupApplication - Entry point calculation done.
[main] INFO soot.jimple.infoflow.android.source.AccessPathBasedSourceSinkManager - Created a SourceSinkManager with 12082 sources, 1010 sinks, and 0 callback methods.
[main] INFO soot.jimple.infoflow.android.SetupApplication - Collecting callbacks and building a callgraph took 32764 seconds
[main] INFO soot.jimple.infoflow.android.SetupApplication - Running data flow analysis on /home/julia/thesis-apk-study/data/ru/tbank_app.apk with 12082 sources and 1010 sinks...
[main] INFO soot.jimple.infoflow.InfoflowConfiguration - Implicit flow tracking is NOT enabled
[main] INFO soot.jimple.infoflow.InfoflowConfiguration - Exceptional flow tracking is NOT enabled
[main] INFO soot.jimple.infoflow.InfoflowConfiguration - Running with a maximum access path length of 5
[main] INFO soot.jimple.infoflow.InfoflowConfiguration - Using path-agnostic result collection
[main] INFO soot.jimple.infoflow.InfoflowConfiguration - Recursive access path shortening is enabled
[main] INFO soot.jimple.infoflow.InfoflowConfiguration - Taint analysis enabled: true
[main] INFO soot.jimple.infoflow.InfoflowConfiguration - Using alias algorithm FlowSensitive
[main] INFO soot.jimple.infoflow.memory.MemoryWarningSystem - Registered a memory warning system for 387,072 MiB
[main] INFO soot.jimple.infoflow.android.SetupApplication$InPlaceInfoflow - Callgraph construction took 277 seconds
[main] INFO soot.jimple.infoflow.codeOptimization.InterproceduralConstantValuePropagator - Removing side-effect free methods is disabled
[main] INFO soot.jimple.infoflow.android.SetupApplication$InPlaceInfoflow - Dead code elimination took 3219.761755245 seconds
[main] INFO soot.jimple.infoflow.android.SetupApplication$InPlaceInfoflow - Callgraph has 850781510 edges
[main] INFO soot.jimple.infoflow.android.SetupApplication$InPlaceInfoflow - Starting Taint Analysis
[main] INFO soot.jimple.infoflow.android.SetupApplication$InPlaceInfoflow - Using context- and flow-sensitive solver
[main] INFO soot.jimple.infoflow.android.SetupApplication$InPlaceInfoflow - Using context- and flow-sensitive solver
[main] INFO soot.jimple.infoflow.memory.FlowDroidTimeoutWatcher - FlowDroid timeout watcher started
[main] WARN soot.jimple.infoflow.android.SetupApplication$InPlaceInfoflow - Running with limited join point abstractions can break context-sensitive path builders
[main] INFO soot.jimple.infoflow.android.SetupApplication$InPlaceInfoflow - Looking for sources and sinks...
[FlowDroid Timeout Watcher] WARN soot.jimple.infoflow.memory.FlowDroidTimeoutWatcher - Timeout reached, stopping the solvers...
[FlowDroid Timeout Watcher] INFO soot.jimple.infoflow.memory.FlowDroidTimeoutWatcher - FlowDroid timeout watcher terminated
[main] INFO soot.jimple.infoflow.android.SetupApplication$InPlaceInfoflow - Source lookup done, found 29210 sources and 2691 sinks.
[main] INFO soot.jimple.infoflow.android.SetupApplication$InPlaceInfoflow - Taint wrapper hits: 0
[main] INFO soot.jimple.infoflow.android.SetupApplication$InPlaceInfoflow - Taint wrapper misses: 0
[main] INFO soot.jimple.infoflow.android.SetupApplication$InPlaceInfoflow - IFDS problem with 29210 forward and 0 backward edges solved in 1 seconds, processing 0 results...
[main] INFO soot.jimple.infoflow.android.SetupApplication$InPlaceInfoflow - Current memory consumption: 198323 MB
[main] INFO soot.jimple.infoflow.android.SetupApplication$InPlaceInfoflow - Memory consumption after cleanup: 168052 MB
[main] INFO soot.jimple.infoflow.memory.MemoryWarningSystem - Shutting down the memory warning system...
[main] INFO soot.jimple.infoflow.android.SetupApplication$InPlaceInfoflow - Memory consumption after path building: 168052 MB
[main] INFO soot.jimple.infoflow.android.SetupApplication$InPlaceInfoflow - Path reconstruction took 10758 seconds
[main] WARN soot.jimple.infoflow.android.SetupApplication$InPlaceInfoflow - No results found.
[main] INFO soot.jimple.infoflow.android.SetupApplication$InPlaceInfoflow - Data flow solver took 30171 seconds. Maximum memory consumption: 198323 MB
[main] INFO soot.jimple.infoflow.android.SetupApplication - Found 0 leaks from 0 sources
